{
  "version": "1.5.0",
  "plugins_used": [
    {
      "name": "ArtifactoryDetector"
    },
    {
      "name": "AWSKeyDetector"
    },
    {
      "name": "AzureStorageKeyDetector"
    },
    {
      "name": "Base64HighEntropyString",
      "limit": 4.5
    },
    {
      "name": "BasicAuthDetector"
    },
    {
      "name": "CloudantDetector"
    },
    {
      "name": "DiscordBotTokenDetector"
    },
    {
      "name": "GitHubTokenDetector"
    },
    {
      "name": "GitLabTokenDetector"
    },
    {
      "name": "HexHighEntropyString",
      "limit": 3.0
    },
    {
      "name": "IbmCloudIamDetector"
    },
    {
      "name": "IbmCosHmacDetector"
    },
    {
      "name": "IPPublicDetector"
    },
    {
      "name": "JwtTokenDetector"
    },
    {
      "name": "KeywordDetector",
      "keyword_exclude": ""
    },
    {
      "name": "MailchimpDetector"
    },
    {
      "name": "NpmDetector"
    },
    {
      "name": "OpenAIDetector"
    },
    {
      "name": "PrivateKeyDetector"
    },
    {
      "name": "PypiTokenDetector"
    },
    {
      "name": "SendGridDetector"
    },
    {
      "name": "SlackDetector"
    },
    {
      "name": "SoftlayerDetector"
    },
    {
      "name": "SquareOAuthDetector"
    },
    {
      "name": "StripeDetector"
    },
    {
      "name": "TelegramBotTokenDetector"
    },
    {
      "name": "TwilioKeyDetector"
    }
  ],
  "filters_used": [
    {
      "path": "detect_secrets.filters.allowlist.is_line_allowlisted"
    },
    {
      "path": "detect_secrets.filters.common.is_baseline_file",
      "filename": ".secrets.baseline"
    },
    {
      "path": "detect_secrets.filters.common.is_ignored_due_to_verification_policies",
      "min_level": 2
    },
    {
      "path": "detect_secrets.filters.heuristic.is_indirect_reference"
    },
    {
      "path": "detect_secrets.filters.heuristic.is_likely_id_string"
    },
    {
      "path": "detect_secrets.filters.heuristic.is_lock_file"
    },
    {
      "path": "detect_secrets.filters.heuristic.is_not_alphanumeric_string"
    },
    {
      "path": "detect_secrets.filters.heuristic.is_potential_uuid"
    },
    {
      "path": "detect_secrets.filters.heuristic.is_prefixed_with_dollar_sign"
    },
    {
      "path": "detect_secrets.filters.heuristic.is_sequential_string"
    },
    {
      "path": "detect_secrets.filters.heuristic.is_swagger_file"
    },
    {
      "path": "detect_secrets.filters.heuristic.is_templated_secret"
    },
    {
      "path": "detect_secrets.filters.regex.should_exclude_file",
      "pattern": [
        "\\.gitleaks\\.toml$",
        "uv\\.lock$",
        "3rdparty/",
        "stubs/",
        "\\.secrets\\.baseline$",
        "gitleaks-baseline\\.json$"
      ]
    }
  ],
  "results": {
    "app/video_search_vss/configs/config_ncs.yml": [
      {
        "type": "Secret Keyword",
        "filename": "app/video_search_vss/configs/config_ncs.yml",
        "hashed_secret": "bc565f6e909ec7d3c18e2ff5d9eeb2300ff20b7f",
        "is_verified": false,
        "line_number": 35
      }
    ],
    "ci/Jenkinsfile.dockerbuildx.groovy": [
      {
        "type": "Secret Keyword",
        "filename": "ci/Jenkinsfile.dockerbuildx.groovy",
        "hashed_secret": "2f0da0f8830f7b1951fd5ff9ece10380f76fc085",
        "is_verified": false,
        "line_number": 88
      },
      {
        "type": "Secret Keyword",
        "filename": "ci/Jenkinsfile.dockerbuildx.groovy",
        "hashed_secret": "a8fc2f15a9887a7d2e54f64dcd7ae30c0ba584d5",
        "is_verified": false,
        "line_number": 319
      }
    ],
    "eval/offline_eval/report_eval/README.md": [
      {
        "type": "Secret Keyword",
        "filename": "eval/offline_eval/report_eval/README.md",
        "hashed_secret": "bc565f6e909ec7d3c18e2ff5d9eeb2300ff20b7f",
        "is_verified": false,
        "line_number": 133
      }
    ],
    "eval/offline_eval/report_eval/public_safety/configs/config_eval.yml": [
      {
        "type": "Secret Keyword",
        "filename": "eval/offline_eval/report_eval/public_safety/configs/config_eval.yml",
        "hashed_secret": "bc565f6e909ec7d3c18e2ff5d9eeb2300ff20b7f",
        "is_verified": false,
        "line_number": 39
      }
    ],
    "eval/offline_eval/report_eval/public_safety/data/camera_001/CAMERA_001_incident.json": [
      {
        "type": "Hex High Entropy String",
        "filename": "eval/offline_eval/report_eval/public_safety/data/camera_001/CAMERA_001_incident.json",
        "hashed_secret": "502802cd4a41308bb8afc9b3b9eb70d4d7e2451b",
        "is_verified": false,
        "line_number": 37
      }
    ],
    "eval/offline_eval/report_eval/public_safety/data/camera_002/CAMERA_002_incident.json": [
      {
        "type": "Hex High Entropy String",
        "filename": "eval/offline_eval/report_eval/public_safety/data/camera_002/CAMERA_002_incident.json",
        "hashed_secret": "a9b8191c6e386ee5028ecc278800063a0bc5123d",
        "is_verified": false,
        "line_number": 34
      }
    ],
    "eval/offline_eval/report_eval/public_safety/data/camera_003/CAMERA_003_incident.json": [
      {
        "type": "Hex High Entropy String",
        "filename": "eval/offline_eval/report_eval/public_safety/data/camera_003/CAMERA_003_incident.json",
        "hashed_secret": "701efe2e677ff37d82a1cbb8b7f2a6e2fb57ca38",
        "is_verified": false,
        "line_number": 33
      }
    ],
    "eval/offline_eval/report_eval/public_safety/data/camera_004/CAMERA_004_incident.json": [
      {
        "type": "Hex High Entropy String",
        "filename": "eval/offline_eval/report_eval/public_safety/data/camera_004/CAMERA_004_incident.json",
        "hashed_secret": "3a6ba450c3eb762bf5593e61cad33498be0c1058",
        "is_verified": false,
        "line_number": 34
      }
    ],
    "eval/offline_eval/report_eval/public_safety/data/camera_005/CAMERA_005_incident.json": [
      {
        "type": "Hex High Entropy String",
        "filename": "eval/offline_eval/report_eval/public_safety/data/camera_005/CAMERA_005_incident.json",
        "hashed_secret": "9cf16fb0c51bb3ef18af76ccffefe0d9b8fbb18c",
        "is_verified": false,
        "line_number": 33
      }
    ],
    "eval/offline_eval/report_eval/smartcities/configs/config_eval.yml": [
      {
        "type": "Secret Keyword",
        "filename": "eval/offline_eval/report_eval/smartcities/configs/config_eval.yml",
        "hashed_secret": "bc565f6e909ec7d3c18e2ff5d9eeb2300ff20b7f",
        "is_verified": false,
        "line_number": 39
      }
    ],
    "eval/offline_eval/trajectory_eval/smartcities/mocked_data/incidents.json": [
      {
        "type": "Base64 High Entropy String",
        "filename": "eval/offline_eval/trajectory_eval/smartcities/mocked_data/incidents.json",
        "hashed_secret": "1e9c8952471ee49c6a36e4b33e600ceedb30553f",
        "is_verified": false,
        "line_number": 10
      }
    ],
    "eval/profile.ipynb": [
      {
        "type": "Base64 High Entropy String",
        "filename": "eval/profile.ipynb",
        "hashed_secret": "1669116aa059b9b45997cbc45d5621ca3cd0044f",
        "is_verified": false,
        "line_number": 60
      },
      {
        "type": "Base64 High Entropy String",
        "filename": "eval/profile.ipynb",
        "hashed_secret": "a292c9c4ee51c7d81f2621c68a71e2119bf76ab7",
        "is_verified": false,
        "line_number": 70
      },
      {
        "type": "Base64 High Entropy String",
        "filename": "eval/profile.ipynb",
        "hashed_secret": "3829b337282abf3eb3172c2eb7706ee466ea00fc",
        "is_verified": false,
        "line_number": 89
      },
      {
        "type": "Base64 High Entropy String",
        "filename": "eval/profile.ipynb",
        "hashed_secret": "e9a373c1d8cb6a0be6c8fd73b4fb473f078b3a12",
        "is_verified": false,
        "line_number": 108
      },
      {
        "type": "Base64 High Entropy String",
        "filename": "eval/profile.ipynb",
        "hashed_secret": "414a5cdb8b1e69a8ef7eb7b9eb7f28f9dce9184f",
        "is_verified": false,
        "line_number": 151
      }
    ],
    "examples/demo/axon/configs/config_eval_qwen3.yml": [
      {
        "type": "Secret Keyword",
        "filename": "examples/demo/axon/configs/config_eval_qwen3.yml",
        "hashed_secret": "bc565f6e909ec7d3c18e2ff5d9eeb2300ff20b7f",
        "is_verified": false,
        "line_number": 36
      }
    ],
    "examples/demo/health/configs/config_eval_qwen3.yml": [
      {
        "type": "Secret Keyword",
        "filename": "examples/demo/health/configs/config_eval_qwen3.yml",
        "hashed_secret": "bc565f6e909ec7d3c18e2ff5d9eeb2300ff20b7f",
        "is_verified": false,
        "line_number": 36
      }
    ],
    "examples/video_understanding/configs/config_toolcall.yml": [
      {
        "type": "Secret Keyword",
        "filename": "examples/video_understanding/configs/config_toolcall.yml",
        "hashed_secret": "bc565f6e909ec7d3c18e2ff5d9eeb2300ff20b7f",
        "is_verified": false,
        "line_number": 47
      }
    ],
    "examples/video_understanding/configs/config_toolcall_nemotron_nano.yml": [
      {
        "type": "Secret Keyword",
        "filename": "examples/video_understanding/configs/config_toolcall_nemotron_nano.yml",
        "hashed_secret": "bc565f6e909ec7d3c18e2ff5d9eeb2300ff20b7f",
        "is_verified": false,
        "line_number": 47
      }
    ],
    "examples/video_understanding/test_qwen3.py": [
      {
        "type": "Secret Keyword",
        "filename": "examples/video_understanding/test_qwen3.py",
        "hashed_secret": "908ac152e54bb4ec31cc1d7d5b186da7a42f9568",
        "is_verified": false,
        "line_number": 37
      }
    ],
    "examples/video_understanding/test_vlm.py": [
      {
        "type": "Secret Keyword",
        "filename": "examples/video_understanding/test_vlm.py",
        "hashed_secret": "908ac152e54bb4ec31cc1d7d5b186da7a42f9568",
        "is_verified": false,
        "line_number": 108
      }
    ],
    "src/vss_agents/video_analytics/query_builders.py": [
      {
        "type": "Base64 High Entropy String",
        "filename": "src/vss_agents/video_analytics/query_builders.py",
        "hashed_secret": "1e9c8952471ee49c6a36e4b33e600ceedb30553f",
        "is_verified": false,
        "line_number": 90
      }
    ],
    "tests/unit_test/api/test_rtsp_stream_api.py": [
      {
        "type": "Secret Keyword",
        "filename": "tests/unit_test/api/test_rtsp_stream_api.py",
        "hashed_secret": "1a91d62f7ca67399625a4368a6ab5d4a3baa6073",
        "is_verified": false,
        "line_number": 102
      }
    ],
    "tests/unit_test/tools/test_incidents.py": [
      {
        "type": "Secret Keyword",
        "filename": "tests/unit_test/tools/test_incidents.py",
        "hashed_secret": "bc565f6e909ec7d3c18e2ff5d9eeb2300ff20b7f",
        "is_verified": false,
        "line_number": 29
      },
      {
        "type": "Secret Keyword",
        "filename": "tests/unit_test/tools/test_incidents.py",
        "hashed_secret": "325778ab9d49a6df7bc13a83563bec2de2a84c95",
        "is_verified": false,
        "line_number": 40
      }
    ],
    "tests/unit_test/tools/test_s3_picture_url.py": [
      {
        "type": "Secret Keyword",
        "filename": "tests/unit_test/tools/test_s3_picture_url.py",
        "hashed_secret": "bc565f6e909ec7d3c18e2ff5d9eeb2300ff20b7f",
        "is_verified": false,
        "line_number": 31
      },
      {
        "type": "Secret Keyword",
        "filename": "tests/unit_test/tools/test_s3_picture_url.py",
        "hashed_secret": "325778ab9d49a6df7bc13a83563bec2de2a84c95",
        "is_verified": false,
        "line_number": 38
      }
    ]
  },
  "generated_at": "2026-03-19T20:11:48Z"
}
